// Jest Snapshot v1, https://goo.gl/fbAQLP

exports[`should render correctly 1`] = `
<DocumentFragment>
  <div>
    <div
      class="relative flex justify-start bg-center"
    >
      <div
        style="display: block; overflow: hidden; position: absolute; top: 0px; left: 0px; bottom: 0px; right: 0px; box-sizing: border-box; margin: 0px;"
      >
        <img
          alt=""
          data-nimg="true"
          decoding="async"
          sizes="100vw"
          src="/_next/image?url=%2Ffoo.png&w=3840&q=75"
          srcset="/_next/image?url=%2Ffoo.png&w=640&q=75 640w, /_next/image?url=%2Ffoo.png&w=750&q=75 750w, /_next/image?url=%2Ffoo.png&w=828&q=75 828w, /_next/image?url=%2Ffoo.png&w=1080&q=75 1080w, /_next/image?url=%2Ffoo.png&w=1200&q=75 1200w, /_next/image?url=%2Ffoo.png&w=1920&q=75 1920w, /_next/image?url=%2Ffoo.png&w=2048&q=75 2048w, /_next/image?url=%2Ffoo.png&w=3840&q=75 3840w"
          style="position: absolute; top: 0px; left: 0px; bottom: 0px; right: 0px; box-sizing: border-box; padding: 0px; margin: auto; display: block; width: 0px; height: 0px; min-width: 100%; max-width: 100%; min-height: 100%; max-height: 100%; object-fit: cover; object-position: center;"
        />
      </div>
      <div
        class="flex flex-col justify-center w-1/2 z-10"
      >
        <div
          class="ml-5 py-20 md:py-20 lg:py-20"
        >
          <div
            style="display: inline-block; max-width: 100%; overflow: hidden; position: relative; box-sizing: border-box; margin: 0px;"
          >
            <div
              style="box-sizing: border-box; display: block; max-width: 100%;"
            >
              <img
                alt=""
                aria-hidden="true"
                src="data:image/svg+xml;base64,PHN2ZyB3aWR0aD0iMzM5LjU5OTk5OTk5OTk5OTk3IiBoZWlnaHQ9IjMzOS41OTk5OTk5OTk5OTk5NyIgeG1sbnM9Imh0dHA6Ly93d3cudzMub3JnLzIwMDAvc3ZnIiB2ZXJzaW9uPSIxLjEiLz4="
                style="max-width: 100%; display: block; margin: 0px; padding: 0px;"
              />
            </div>
            <img
              alt="Supporting the Animal Rights Movement"
              data-nimg="true"
              decoding="async"
              src="/_next/image?url=%2Ffoo.png&w=750&q=75"
              srcset="/_next/image?url=%2Ffoo.png&w=384&q=75 1x, /_next/image?url=%2Ffoo.png&w=750&q=75 2x"
              style="position: absolute; top: 0px; left: 0px; bottom: 0px; right: 0px; box-sizing: border-box; padding: 0px; margin: auto; display: block; width: 0px; height: 0px; min-width: 100%; max-width: 100%; min-height: 100%; max-height: 100%;"
            />
          </div>
        </div>
      </div>
      <div
        class="absolute inset-0 overflow-hidden"
      >
        <svg
          class="overflow-visible absolute transform translate-x-1/4 -translate-y-2/4 lg:-translate-y-3/4
    "
          height="60vw"
          style="color: rgb(255, 255, 255); right: 0px; top: 0px;"
          width="60vw"
        >
          <circle
            class="stroke-current"
            cx="30vw"
            cy="30vw"
            fill-opacity="0"
            opacity="0.1"
            r="30vw"
            stroke-width="20px"
          />
        </svg>
        <svg
          class="overflow-visible absolute transform -translate-x-1/4 translate-y-2/4 lg:translate-y-3/4
    "
          height="68vw"
          style="color: rgb(255, 255, 255); left: 0px; bottom: 0px;"
          width="68vw"
        >
          <circle
            class="stroke-current"
            cx="34vw"
            cy="34vw"
            fill-opacity="0"
            opacity="0.2"
            r="34vw"
            stroke-width="20px"
          />
        </svg>
      </div>
    </div>
    <div
      class="relative overflow-visible hidden md:block"
    >
      <div
        class="absolute"
        style="background-color: rgb(255, 255, 255); width: 64px; height: 64px; opacity: 1; bottom: 0px; left: 0px;"
      />
      <div
        class="absolute"
        style="background-color: rgb(255, 199, 9); width: 64px; height: 64px; opacity: 1; top: 0px; left: 0px;"
      />
      <div
        class="absolute"
        style="background-color: rgb(100, 188, 70); width: 128px; height: 128px; opacity: 1; bottom: 0px; left: 64px;"
      />
      <div
        class="absolute"
        style="background-color: rgb(237, 24, 74); width: 128px; height: 128px; opacity: 1; top: -64px; right: 0px;"
      />
      <div
        class="absolute"
        style="background-color: rgb(241, 90, 59); width: 64px; height: 64px; opacity: 1; bottom: 64px; right: 128px;"
      />
      <div
        class="absolute"
        style="background-color: rgb(255, 255, 255); width: 64px; height: 64px; opacity: 1; bottom: 0px; right: 128px;"
      />
    </div>
    <div
      class="text-grey content-center mx-auto my-12 md:w-1/2 drop-shadow-2xl text-2xl"
    >
      <h1
        class="mb-10"
      >
        <span
          class="font-italic text-3xl"
        >
          Our
        </span>
         
        <span
          class="font-mono font-bold text-5xl uppercase text-black"
        >
          services
        </span>
        <p>
          Aside from building our own projects, we also serve the greater community! If youâ€™re an animal rights activist, organization, or just a vegan who needs help - let us know! Please keep in mind that while all of our services are free this unfortunately means we have to be selective with who we can help with our limited resources. Ask us either way!
        </p>
      </h1>
    </div>
    <div
      class="flex flex-col md:space-y-20 items-center mx-auto drop-shadow-2xl text-2xl mb-28"
    >
      <div>
        <div
          class="flex w-full xl:w-3/5 mx-auto flex-row flex-wrap group flex-row"
        >
          <div
            class="flex flex-col w-full md:max-w-xs"
            style="background-color: rgb(237, 35, 132);"
          >
            <div
              class="transition ease-in duration-300 opacity-0 group-hover:opacity-100"
            >
              <div
                class="relative overflow-visible"
              >
                <div
                  class="absolute"
                  style="background-color: rgb(237, 24, 74); width: 64px; height: 64px; opacity: 1; top: 0px; right: 0px;"
                />
              </div>
            </div>
            <div
              class="p-10 my-auto w-full"
            >
              <div
                style="display: block; overflow: hidden; position: relative; box-sizing: border-box; margin: 0px;"
              >
                <div
                  style="display: block; box-sizing: border-box; padding-top: 100%;"
                />
                <noscript />
                <img
                  alt=""
                  data-nimg="true"
                  decoding="async"
                  src="data:image/gif;base64,R0lGODlhAQABAIAAAAAAAP///yH5BAEAAAAALAAAAAABAAEAAAIBRAA7"
                  style="position: absolute; top: 0px; left: 0px; bottom: 0px; right: 0px; box-sizing: border-box; padding: 0px; margin: auto; display: block; width: 0px; height: 0px; min-width: 100%; max-width: 100%; min-height: 100%; max-height: 100%;"
                />
              </div>
            </div>
          </div>
          <div
            class="flex-1 py-8 px-3 md:px-10 bg-gray-background text-center md:text-left text-2xl p-4"
          >
            <h1
              class="text-4xl font-bold"
            >
              Websites
            </h1>
            <p
              class="mt-3 mb-7"
            >
              If you're a small vegan activist, organization, or business with little to no funding, you're the ones we want to help succeed the most! In many cases we support folks that either can't pay for website design, development or have little knowledge or time to build it themselves.
            </p>
            <a
              href="/#contact-us"
            >
              <div
                class="p-3 px-4 py-2 text-2xl border-l-8 bg-w-x2 ease-out duration-[2s] cursor-pointer disabled:bg-grey-light disabled:cursor-not-allowed hover:shadow-fill-green bg-grey-dark border-green text-white max-w-md"
              >
                Apply for a free website!
              </div>
            </a>
          </div>
        </div>
      </div>
      <div>
        <div
          class="flex w-full xl:w-3/5 mx-auto flex-row flex-wrap group flex-row flex-row-reverse"
        >
          <div
            class="flex flex-col w-full md:max-w-xs"
            style="background-color: rgb(100, 188, 70);"
          >
            <div
              class="transition ease-in duration-300 opacity-0 group-hover:opacity-100"
            >
              <div
                class="relative overflow-visible"
              >
                <div
                  class="absolute"
                  style="background-color: rgb(87, 164, 70); width: 64px; height: 64px; opacity: 1; top: 0px; right: 0px;"
                />
              </div>
            </div>
            <div
              class="p-10 my-auto w-full"
            >
              <div
                style="display: block; overflow: hidden; position: relative; box-sizing: border-box; margin: 0px;"
              >
                <div
                  style="display: block; box-sizing: border-box; padding-top: 100%;"
                />
                <noscript />
                <img
                  alt=""
                  data-nimg="true"
                  decoding="async"
                  src="data:image/gif;base64,R0lGODlhAQABAIAAAAAAAP///yH5BAEAAAAALAAAAAABAAEAAAIBRAA7"
                  style="position: absolute; top: 0px; left: 0px; bottom: 0px; right: 0px; box-sizing: border-box; padding: 0px; margin: auto; display: block; width: 0px; height: 0px; min-width: 100%; max-width: 100%; min-height: 100%; max-height: 100%;"
                />
              </div>
            </div>
          </div>
          <div
            class="flex-1 py-8 px-3 md:px-10 bg-gray-background text-center md:text-left text-2xl p-4"
          >
            <h1
              class="text-4xl font-bold"
            >
              Projects
            </h1>
            <p
              class="mt-3 mb-7"
            >
              Do you have an idea that would help bring us closer to a vegan world? App? Book? Movie? Song? Activism? Event? Content? Let us know, we'll help get you the resources you need to get your idea off the ground, or if we really love the idea, we'll help build it for you, free!
            </p>
            <a
              href="/#contact-us"
            >
              <div
                class="p-3 px-4 py-2 text-2xl border-l-8 bg-w-x2 ease-out duration-[2s] cursor-pointer disabled:bg-grey-light disabled:cursor-not-allowed hover:shadow-fill-green bg-grey-dark border-green text-white max-w-md"
              >
                Let's chat about your idea!
              </div>
            </a>
          </div>
        </div>
      </div>
      <div>
        <div
          class="flex w-full xl:w-3/5 mx-auto flex-row flex-wrap group flex-row"
        >
          <div
            class="flex flex-col w-full md:max-w-xs"
            style="background-color: rgb(255, 199, 9);"
          >
            <div
              class="transition ease-in duration-300 opacity-0 group-hover:opacity-100"
            >
              <div
                class="relative overflow-visible"
              >
                <div
                  class="absolute"
                  style="background-color: rgb(252, 178, 21); width: 64px; height: 64px; opacity: 1; top: 0px; right: 0px;"
                />
              </div>
            </div>
            <div
              class="p-10 my-auto w-full"
            >
              <div
                style="display: block; overflow: hidden; position: relative; box-sizing: border-box; margin: 0px;"
              >
                <div
                  style="display: block; box-sizing: border-box; padding-top: 100%;"
                />
                <noscript />
                <img
                  alt=""
                  data-nimg="true"
                  decoding="async"
                  src="data:image/gif;base64,R0lGODlhAQABAIAAAAAAAP///yH5BAEAAAAALAAAAAABAAEAAAIBRAA7"
                  style="position: absolute; top: 0px; left: 0px; bottom: 0px; right: 0px; box-sizing: border-box; padding: 0px; margin: auto; display: block; width: 0px; height: 0px; min-width: 100%; max-width: 100%; min-height: 100%; max-height: 100%;"
                />
              </div>
            </div>
          </div>
          <div
            class="flex-1 py-8 px-3 md:px-10 bg-gray-background text-center md:text-left text-2xl p-4"
          >
            <h1
              class="text-4xl font-bold"
            >
              Funding
            </h1>
            <p
              class="mt-3 mb-7"
            >
              We're very happy to be able to offer up to $1000 USD in seed funding grants for oustanding, and effective, animal rights activism! Specifically we're looking for individual or grassroots groups whose primary purpose is to help reduce suffering for non-human farmed animals.
            </p>
            <a
              href="/grants"
            >
              <div
                class="p-3 px-4 py-2 text-2xl border-l-8 bg-w-x2 ease-out duration-[2s] cursor-pointer disabled:bg-grey-light disabled:cursor-not-allowed hover:shadow-fill-green bg-grey-dark border-green text-white max-w-md"
              >
                Learn about our grant program!
              </div>
            </a>
          </div>
        </div>
      </div>
      <div>
        <div
          class="flex w-full xl:w-3/5 mx-auto flex-row flex-wrap group flex-row flex-row-reverse"
        >
          <div
            class="flex flex-col w-full md:max-w-xs"
            style="background-color: rgb(241, 90, 59);"
          >
            <div
              class="transition ease-in duration-300 opacity-0 group-hover:opacity-100"
            >
              <div
                class="relative overflow-visible"
              >
                <div
                  class="absolute"
                  style="background-color: rgb(223, 62, 44); width: 64px; height: 64px; opacity: 1; top: 0px; right: 0px;"
                />
              </div>
            </div>
            <div
              class="p-10 my-auto w-full"
            >
              <div
                style="display: block; overflow: hidden; position: relative; box-sizing: border-box; margin: 0px;"
              >
                <div
                  style="display: block; box-sizing: border-box; padding-top: 100%;"
                />
                <noscript />
                <img
                  alt=""
                  data-nimg="true"
                  decoding="async"
                  src="data:image/gif;base64,R0lGODlhAQABAIAAAAAAAP///yH5BAEAAAAALAAAAAABAAEAAAIBRAA7"
                  style="position: absolute; top: 0px; left: 0px; bottom: 0px; right: 0px; box-sizing: border-box; padding: 0px; margin: auto; display: block; width: 0px; height: 0px; min-width: 100%; max-width: 100%; min-height: 100%; max-height: 100%;"
                />
              </div>
            </div>
          </div>
          <div
            class="flex-1 py-8 px-3 md:px-10 bg-gray-background text-center md:text-left text-2xl p-4"
          >
            <h1
              class="text-4xl font-bold"
            >
              Advice
            </h1>
            <p
              class="mt-3 mb-7"
            >
              We have several advisors with a wide range of experience that can help! We'll happily advise any vegan activist or organization - whether that be for your technology, organizational structure, strategy, marketing, grant requests, and more! Feel free to get in touch with questions! 
            </p>
            <a
              href="/#contact-us"
            >
              <div
                class="p-3 px-4 py-2 text-2xl border-l-8 bg-w-x2 ease-out duration-[2s] cursor-pointer disabled:bg-grey-light disabled:cursor-not-allowed hover:shadow-fill-green bg-grey-dark border-green text-white max-w-md"
              >
                Ask for advice, contact us!
              </div>
            </a>
          </div>
        </div>
      </div>
    </div>
  </div>
  <div
    class="absolute z-20"
    style="left: 192px; height: 250px; transform: translateY(-250px) rotateY(180deg);"
  >
    <div
      style="overflow: hidden; box-sizing: border-box; display: inline-block; position: relative; width: 250px; height: 250px;"
    >
      <img
        alt=""
        data-nimg="true"
        decoding="async"
        src="/_next/image?url=%2Ffoo.png&w=640&q=75"
        srcset="/_next/image?url=%2Ffoo.png&w=256&q=75 1x, /_next/image?url=%2Ffoo.png&w=640&q=75 2x"
        style="position: absolute; top: 0px; left: 0px; bottom: 0px; right: 0px; box-sizing: border-box; padding: 0px; margin: auto; display: block; width: 0px; height: 0px; min-width: 100%; max-width: 100%; min-height: 100%; max-height: 100%;"
      />
    </div>
  </div>
  <div
    class="relative overflow-visible hidden md:block"
  >
    <div
      class="absolute"
      style="background-color: rgb(226, 226, 226); width: 64px; height: 64px; opacity: 1; bottom: 0px; left: 0px;"
    />
    <div
      class="absolute"
      style="background-color: rgb(255, 255, 255); width: 64px; height: 64px; opacity: 1; top: 0px; left: 128px;"
    />
    <div
      class="absolute"
      style="background-color: rgb(226, 226, 226); width: 64px; height: 64px; opacity: 1; bottom: 0px; right: 0px;"
    />
    <div
      class="absolute"
      style="background-color: rgb(255, 255, 255); width: 64px; height: 64px; opacity: 1; top: 0px; right: 0px;"
    />
  </div>
  <div
    class="bg-grey-background px-10 md:px-0"
  >
    <div
      class="md:w-2/3 mx-auto pt-5"
      id="contact-us"
    >
      <div
        class="text-xl md:w-1/2 mx-auto text-grey-dark py-5"
      >
        If you'd like to talk about any of these services, please use our contact form to get in touch! We do our best to respond to every email within 48 hours.
      </div>
      <form
        class="flex flex-col gap-5"
      >
        <div>
          <label
            class="block font-bold text-left"
            for="name"
          >
            <span
              class="capitalize"
            >
              name
            </span>
          </label>
          <input
            class="px-2 py-2 text-xl text-grey focus:ring-1 focus:ring-grey w-full"
            id="name"
            name="name"
            placeholder="Name"
          />
        </div>
        <div>
          <label
            class="block font-bold text-left"
            for="email"
          >
            <span
              class="capitalize"
            >
              email
            </span>
          </label>
          <input
            class="px-2 py-2 text-xl text-grey focus:ring-1 focus:ring-grey w-full"
            id="email"
            name="email"
            placeholder="yourname@example.com"
          />
        </div>
        <div>
          <label
            class="block font-bold text-left"
            for="service"
          >
            <span
              class="capitalize"
            >
              service
            </span>
          </label>
          <div
            class=" css-2b097c-container"
            id="service"
          >
            <span
              aria-atomic="false"
              aria-live="polite"
              aria-relevant="additions text"
              class="css-1f43avz-a11yText-A11yText"
            />
            <div
              class=" css-sn38g5-control"
            >
              <div
                class=" css-1m9kztm-ValueContainer"
              >
                <div
                  class=" css-1oxpzol-placeholder"
                >
                  Select...
                </div>
                <div
                  class="css-1w7gl0u-Input"
                >
                  <div
                    class=""
                    style="display: inline-block;"
                  >
                    <input
                      aria-autocomplete="list"
                      autocapitalize="none"
                      autocomplete="off"
                      autocorrect="off"
                      id="react-select-service-input"
                      spellcheck="false"
                      style="box-sizing: content-box; width: 2px; border: 0px; opacity: 1; outline: 0; padding: 0px;"
                      tabindex="0"
                      type="text"
                      value=""
                    />
                    <div
                      style="position: absolute; top: 0px; left: 0px; visibility: hidden; height: 0px; overflow: scroll; white-space: pre; font-family: -webkit-small-control; letter-spacing: normal; text-transform: none;"
                    />
                  </div>
                </div>
              </div>
              <div
                class=" css-1e2ueza-IndicatorsContainer"
              >
                <span
                  class=" css-1xjgjl1-IndicatorSeparator"
                />
                <div
                  aria-hidden="true"
                  class=" css-ozn3fc-indicatorContainer"
                >
                  <svg
                    aria-hidden="true"
                    class="css-tj5bde-Svg"
                    focusable="false"
                    height="20"
                    viewBox="0 0 20 20"
                    width="20"
                  >
                    <path
                      d="M4.516 7.548c0.436-0.446 1.043-0.481 1.576 0l3.908 3.747 3.908-3.747c0.533-0.481 1.141-0.446 1.574 0 0.436 0.445 0.408 1.197 0 1.615-0.406 0.418-4.695 4.502-4.695 4.502-0.217 0.223-0.502 0.335-0.787 0.335s-0.57-0.112-0.789-0.335c0 0-4.287-4.084-4.695-4.502s-0.436-1.17 0-1.615z"
                    />
                  </svg>
                </div>
              </div>
            </div>
            <input
              name="service"
              type="hidden"
              value=""
            />
          </div>
        </div>
        <div>
          <label
            class="block font-bold text-left"
            for="message"
          >
            <span
              class="capitalize"
            >
              message
            </span>
          </label>
          <textarea
            class="px-2 py-2 text-xl text-grey focus:ring-1 focus:ring-grey resize-none w-full"
            id="message"
            name="message"
            rows="10"
            wrap="soft"
          />
        </div>
        <div
          class="pt-5 pb-10"
        >
          <button
            type="submit"
          >
            <div
              class="p-3 px-4 py-2 text-2xl border-l-8 bg-w-x2 ease-out duration-[2s] cursor-pointer disabled:bg-grey-light disabled:cursor-not-allowed hover:shadow-fill-green bg-grey-dark border-green text-white w-52 px-10"
            >
              Submit
            </div>
          </button>
        </div>
      </form>
    </div>
  </div>
</DocumentFragment>
`;
